ref-npat-softmax: loaded 68413 weights from npat-data.js (3x3c=undefined p12=true) [softmax sampling]
gen-deltas: agent: ref-npat-softmax  size: 11  playouts: 200  pass: 600  samples: unlimited  epsilon: 0.1  seed: 3093107472
elapsed    posns     cands    playout     p/s
  256ms        1        29       6400     25K
  297ms        2        32       7600     26K
  981ms        3       103        22K     23K
   1.3s        5       159        35K     26K
   2.5s        8       297        64K     26K
   3.5s       12       437        95K     27K
   6.7s       18       809       173K     26K
  11.9s       27      1379       292K     24K
  19.9s       41      2245       474K     24K
ref-npat-softmax: loaded 68413 weights from npat-data.js (3x3c=undefined p12=true) [softmax sampling]
gen-deltas: agent: ref-npat-softmax  size: 11  playouts: 200  pass: 600  samples: unlimited  epsilon: 0.1  seed: 3159116691
elapsed    posns     cands    playout     p/s
  306ms        1        38       8200     27K
   1.4s        2       143        30K     22K
   2.6s        3       256        53K     21K
   2.8s        5       286        60K     22K
ref-npat-softmax: loaded 68413 weights from npat-data.js (3x3c=undefined p12=true) [softmax sampling]
gen-deltas: agent: ref-npat-softmax  size: 11  playouts: 200  pass: 600  samples: unlimited  epsilon: 0.1  seed: 3133033644
elapsed    posns     cands    playout     p/s
  27.4s       62      3197       677K     25K
   1.2s        1       116        24K     19K
   4.9s        8       514       108K     22K
   2.0s        2       195        40K     20K
   2.9s        3       288        59K     20K
   6.3s       12       700       147K     24K
   4.2s        5       416        86K     21K
   7.5s       18       868       184K     24K
ref-npat-softmax: loaded 68413 weights from npat-data.js (3x3c=undefined p12=true) [softmax sampling]
gen-deltas: agent: ref-npat-softmax  size: 11  playouts: 200  pass: 600  samples: unlimited  epsilon: 0.1  seed: 4249580142
elapsed    posns     cands    playout     p/s
   6.2s        8       622       129K     21K
   1.0s        1        96        20K     20K
   7.3s       12       782       164K     22K
   1.8s        2       179        37K     21K
   1.8s        3       182        38K     21K
   2.6s        5       288        61K     23K
  12.0s       27      1376       291K     24K
   4.0s        8       441        93K     23K
  11.1s       18      1193       249K     23K
   5.9s       12       653       138K     23K
ref-npat-softmax: loaded 68413 weights from npat-data.js (3x3c=undefined p12=true) [softmax sampling]
gen-deltas: agent: ref-npat-softmax  size: 11  playouts: 200  pass: 600  samples: unlimited  epsilon: 0.1  seed: 2396933690
elapsed    posns     cands    playout     p/s
  39.7s       93      4696       995K     25K
   1.2s        1       110        23K     18K
   1.5s        2       145        30K     20K
   2.2s        3       222        46K     21K
ref-npat-softmax: loaded 68413 weights from npat-data.js (3x3c=undefined p12=true) [softmax sampling]
gen-deltas: agent: ref-npat-softmax  size: 11  playouts: 200  pass: 600  samples: unlimited  epsilon: 0.1  seed: 2294985873
elapsed    posns     cands    playout     p/s
  119ms        1        10       2600     22K
   8.9s       18       995       210K     24K
  733ms        2        69        15K     20K
  796ms        3        82        18K     23K
   1.2s        5       138        31K     26K
  18.7s       41      2120       449K     24K
  16.0s       27      1778       372K     23K
   4.1s        5       418        87K     21K
   1.8s        8       215        48K     27K
   3.0s       12       349        77K     26K
   6.4s        8       644       134K     21K
  12.4s       27      1410       298K     24K
   4.8s       18       603       131K     28K
   7.8s       12       832       174K     22K
  21.2s       41      2378       500K     24K
  11.0s       18      1182       247K     22K
  10.3s       27      1214       259K     25K
  19.1s       41      2153       455K     24K
  28.3s       62      3243       686K     24K
  14.8s       27      1609       338K     23K
  17.1s       41      1969       418K     24K
  32.2s       62      3603       758K     24K
  22.3s       41      2433       511K     23K
  28.9s       62      3268       691K     24K
  44.5s       93      5013       1.1M     24K
  28.0s       62      3236       684K     24K
  69.6s      140      7850       1.7M     24K
  33.0s       62      3601       757K     23K
  41.3s       93      4728       1.0M     24K
  48.4s       93      5413       1.1M     24K
ref-npat-softmax: loaded 68413 weights from npat-data.js (3x3c=undefined p12=true) [softmax sampling]
gen-deltas: agent: ref-npat-softmax  size: 11  playouts: 200  pass: 600  samples: unlimited  epsilon: 0.1  seed: 3362385499
elapsed    posns     cands    playout     p/s
  899ms        1        84        17K     19K
  944ms        2        86        18K     19K
   1.9s        3       177        37K     20K
ref-npat-softmax: loaded 68413 weights from npat-data.js (3x3c=undefined p12=true) [softmax sampling]
gen-deltas: agent: ref-npat-softmax  size: 11  playouts: 200  pass: 600  samples: unlimited  epsilon: 0.1  seed: 3206067013
elapsed    posns     cands    playout     p/s
  137ms        1         7       2000     15K
   3.4s        5       334        70K     21K
  518ms        2        58        13K     25K
   1.5s        3       155        33K     22K
   4.8s        8       504       106K     22K
   5.5s       12       612       130K     24K
   2.8s        5       285        60K     22K
ref-npat-softmax: loaded 68413 weights from npat-data.js (3x3c=undefined p12=true) [softmax sampling]
gen-deltas: agent: ref-npat-softmax  size: 11  playouts: 200  pass: 600  samples: unlimited  epsilon: 0.1  seed: 4203163737
elapsed    posns     cands    playout     p/s
  572ms        1        58        12K     21K
   1.7s        2       166        34K     20K
  43.1s       93      4900       1.0M     24K
   5.1s        8       532       111K     22K
ref-npat-softmax: loaded 68413 weights from npat-data.js (3x3c=undefined p12=true) [softmax sampling]
gen-deltas: agent: ref-npat-softmax  size: 11  playouts: 200  pass: 600  samples: unlimited  epsilon: 0.1  seed: 3655564587
elapsed    posns     cands    playout     p/s
   8.9s       18       953       201K     23K
   2.9s        3       274        57K     20K
   6.1s       12       675       142K     23K
  454ms        1        47        10K     22K
  637ms        2        67        15K     23K
   3.2s        5       316        66K     21K
   1.1s        3       115        25K     24K
   1.1s        5       133        30K     26K
   2.0s        8       228        50K     25K
   8.2s       18       946       200K     24K
   5.1s        8       516       108K     21K
   5.7s       12       595       126K     22K
  49.9s       93      5440       1.1M     23K
   4.9s       12       511       109K     22K
  14.2s       27      1500       316K     22K
  67.4s      140      7538       1.6M     24K
  11.9s       27      1346       285K     24K
   9.1s       18       964       204K     22K
   8.3s       18       829       177K     21K
  62.6s      140      7170       1.5M     24K
  20.0s       41      2179       460K     23K
  15.5s       27      1648       346K     22K
  72.3s      140      7950       1.7M     23K
  21.1s       41      2287       482K     23K
  16.3s       27      1527       322K     20K
ref-npat-softmax: loaded 68413 weights from npat-data.js (3x3c=undefined p12=true) [softmax sampling]
gen-deltas: agent: ref-npat-softmax  size: 11  playouts: 200  pass: 600  samples: unlimited  epsilon: 0.1  seed: 2166323931
elapsed    posns     cands    playout     p/s
   1.3s        1       115        24K     18K
  30.7s       62      3351       707K     23K
  24.8s       41      2579       540K     22K
   107s      210       12K       2.5M     23K
   2.2s        2       205        42K     19K
ref-npat-softmax: loaded 68413 weights from npat-data.js (3x3c=undefined p12=true) [softmax sampling]
gen-deltas: agent: ref-npat-softmax  size: 11  playouts: 200  pass: 600  samples: unlimited  epsilon: 0.1  seed: 3878573123
elapsed    posns     cands    playout     p/s
  541ms        1        47        10K     18K
  754ms        2        73        16K     21K
   3.5s        3       295        61K     17K
   1.0s        3       101        22K     21K
   3.6s        5       313        66K     18K
   1.9s        5       195        42K     22K
  69.7s      140      7721       1.6M     23K
ref-npat-softmax: loaded 68413 weights from npat-data.js (3x3c=undefined p12=true) [softmax sampling]
gen-deltas: agent: ref-npat-softmax  size: 11  playouts: 200  pass: 600  samples: unlimited  epsilon: 0.1  seed: 2622191843
elapsed    posns     cands    playout     p/s
   3.0s        8       318        68K     23K
  26.2s       41      2453       515K     20K
   6.0s        8       533       111K     18K
   3.8s       12       427        93K     24K
  984ms        1        68        14K     14K
  32.8s       62      3536       744K     23K
   2.1s        2       161        33K     16K
   2.3s        3       190        40K     17K
ref-npat-softmax: loaded 68413 weights from npat-data.js (3x3c=undefined p12=true) [softmax sampling]
gen-deltas: agent: ref-npat-softmax  size: 11  playouts: 200  pass: 600  samples: unlimited  epsilon: 0.1  seed: 3941130118
elapsed    posns     cands    playout     p/s
  75.5s      140      8169       1.7M     23K
   9.3s       12       842       176K     19K
   6.8s       18       714       154K     23K
   4.0s        5       320        67K     17K
   1.7s        1       100        21K     12K
   1.8s        2       114        24K     13K
   2.4s        3       164        35K     14K
  10.6s       18      1014       214K     20K
   6.0s        8       492       103K     17K
   4.4s        5       344        72K     16K
   7.5s       12       661       139K     18K
  12.2s       27      1102       237K     19K
  37.9s       62      3883       814K     21K
   7.2s        8       614       128K     18K
   9.6s       18       884       188K     20K
   8.0s       12       718       151K     19K
  16.1s       27      1576       331K     21K
  45.7s       93      4937       1.0M     23K
  98.4s      210       11K       2.3M     24K
  10.7s       18       996       210K     20K
  14.0s       27      1341       284K     20K
  41.6s       62      3752       788K     19K
  18.9s       41      1794       383K     20K
  96.3s      210       11K       2.3M     23K
  23.6s       41      2261       477K     20K
  50.8s       93      5288       1.1M     22K
  17.5s       27      1551       326K     19K
  23.8s       41      2226       470K     20K
  24.1s       41      2166       458K     19K
   115s      210       12K       2.5M     22K
  34.1s       62      3063       650K     19K
  58.7s       93      5105       1.1M     18K
  38.3s       62      3480       733K     19K
  64.9s       93      5744       1.2M     19K
  38.1s       62      3339       705K     19K
ref-npat-softmax: loaded 68413 weights from npat-data.js (3x3c=undefined p12=true) [softmax sampling]
gen-deltas: agent: ref-npat-softmax  size: 11  playouts: 200  pass: 600  samples: unlimited  epsilon: 0.1  seed: 3952569696
elapsed    posns     cands    playout     p/s
  74.9s      140      7196       1.5M     20K
  38.8s       62      3337       705K     18K
   1.7s        1       101        21K     13K
   2.5s        2       152        32K     13K
ref-npat-softmax: loaded 68413 weights from npat-data.js (3x3c=undefined p12=true) [softmax sampling]
gen-deltas: agent: ref-npat-softmax  size: 11  playouts: 200  pass: 600  samples: unlimited  epsilon: 0.1  seed: 2496131588
elapsed    posns     cands    playout     p/s
   3.6s        3       230        48K     13K
   1.9s        1       109        22K     12K
   4.9s        5       316        66K     14K
   2.3s        2       138        29K     12K
   2.9s        3       185        39K     13K
   7.8s        8       524       110K     14K
   5.3s        5       303        64K     12K
   2.1m      210       12K       2.5M     20K
   9.6s        8       517       108K     11K
   2.0m      210       12K       2.5M     21K
  13.4s       12       875       182K     14K
  14.5s       12       779       163K     11K
  21.5s       18      1386       288K     13K
  67.5s       93      5283       1.1M     16K
  90.1s      140      7247       1.5M     17K
  67.1s       93      5075       1.1M     16K
  22.7s       18      1299       271K     12K
  99.7s      140      8435       1.8M     18K
  99.5s      140      8209       1.7M     17K
  30.9s       27      1776       371K     12K
  33.8s       27      2077       432K     13K
  77.5s       93      5200       1.1M     14K
  77.0s       93      5326       1.1M     15K
   2.9m      315       16K       3.4M     19K
  48.2s       41      2622       549K     11K
  51.3s       41      2795       584K     11K
   3.4m      315       18K       3.9M     19K
   2.2m      210       11K       2.4M     18K
   3.1m      315       17K       3.5M     19K
  67.1s       62      3662       770K     11K
   118s      140      7893       1.7M     14K
   117s      140      7468       1.6M     13K
   120s      140      8036       1.7M     14K
   3.4m      315       17K       3.7M     18K
  84.4s       62      4132       864K     10K
   2.6m      210       11K       2.3M     15K
   2.7m      210       12K       2.5M     16K
   2.7m      210       12K       2.5M     16K
   2.2m      140      8222       1.7M     13K
  99.4s       93      5466       1.1M     12K
   116s       93      5894       1.2M     11K
   3.9m      315       18K       3.8M     16K
   4.1m      315       18K       3.9M     16K
   3.1m      210       12K       2.5M     14K
   3.0m      210       12K       2.5M     14K
   3.1m      210       11K       2.4M     13K
   2.4m      140      8021       1.7M     12K
   3.9m      315       17K       3.6M     15K
   3.3m      210       12K       2.5M     13K
   2.7m      140      8393       1.8M     11K
   4.5m      315       18K       3.9M     14K
   4.7m      315       17K       3.5M     13K
   5.7m      473       25K       5.3M     16K
   6.3m      473       27K       5.7M     15K
   3.8m      210       12K       2.6M     11K
   5.1m      315       19K       3.9M     13K
   6.0m      473       26K       5.4M     15K
   4.1m      210       12K       2.6M     10K
   4.9m      315       18K       3.7M     13K
   4.9m      315       17K       3.7M     13K
   5.0m      315       17K       3.6M     12K
   6.4m      473       26K       5.5M     14K
   5.2m      315       18K       3.7M     12K
   6.9m      473       27K       5.7M     14K
   7.1m      473       27K       5.7M     13K
   6.9m      473       26K       5.4M     13K
   5.8m      315       18K       3.8M     11K
   6.2m      315       18K       3.8M     10K
   7.7m      473       28K       5.8M     13K
   7.8m      473       27K       5.7M     12K
   7.8m      473       25K       5.3M     11K
   7.7m      473       26K       5.5M     12K
   7.7m      473       26K       5.4M     12K
   7.8m      473       26K       5.6M     12K
   8.2m      473       27K       5.6M     11K
  10.7m      710       41K       8.5M     13K
  10.3m      710       38K       8.0M     13K
  10.5m      710       39K       8.3M     13K
  10.4m      710       39K       8.2M     13K
   8.8m      473       27K       5.7M     11K
  10.8m      710       39K       8.3M     13K
   9.2m      473       27K       5.6M     10K
  11.3m      710       40K       8.4M     12K
  11.1m      710       39K       8.1M     12K
  11.5m      710       39K       8.3M     12K
  11.8m      710       40K       8.5M     12K
  11.5m      710       38K       8.0M     12K
  11.9m      710       39K       8.2M     12K
  12.5m      710       39K       8.1M     11K
  12.1m      710       39K       8.2M     11K
  12.5m      710       40K       8.4M     11K
  13.1m      710       41K       8.5M     11K
  13.6m      710       39K       8.3M     10K
  16.6m     1065       58K        12M     12K
  16.5m     1065       59K        12M     13K
  16.9m     1065       58K        12M     12K
  17.4m     1065       60K        13M     12K
  17.7m     1065       60K        13M     12K
  17.2m     1065       58K        12M     12K
  17.9m     1065       60K        13M     12K
  18.2m     1065       59K        13M     11K
  18.2m     1065       60K        13M     12K
  18.2m     1065       59K        12M     11K
  18.3m     1065       58K        12M     11K
  18.5m     1065       59K        12M     11K
  19.3m     1065       58K        12M     11K
  19.1m     1065       59K        12M     11K
  19.8m     1065       60K        13M     11K
  21.0m     1065       61K        13M     10K
  25.9m     1598       87K        18M     12K
  26.2m     1598       89K        19M     12K
  26.8m     1598       88K        18M     11K
  27.5m     1598       90K        19M     12K
  27.2m     1598       89K        19M     12K
  26.7m     1598       87K        18M     11K
  27.6m     1598       90K        19M     11K
  27.5m     1598       89K        19M     11K
  27.9m     1598       89K        19M     11K
  27.8m     1598       89K        19M     11K
  27.7m     1598       88K        19M     11K
  28.4m     1598       87K        18M     11K
  29.4m     1598       86K        18M     10K
  29.4m     1598       90K        19M     11K
  29.4m     1598       89K        19M     11K
  30.6m     1598       90K        19M     10K
  39.1m     2397      129K        27M     12K
  40.6m     2397      134K        28M     12K
  41.2m     2397      133K        28M     11K
  40.7m     2397      131K        28M     11K
  42.0m     2397      134K        28M     11K
  41.6m     2397      134K        28M     11K
  42.4m     2397      135K        28M     11K
  43.5m     2397      136K        29M     11K
  42.5m     2397      134K        28M     11K
  43.0m     2397      134K        28M     11K
  42.5m     2397      133K        28M     11K
  42.8m     2397      132K        28M     11K
  42.9m     2397      132K        28M     11K
  44.1m     2397      136K        29M     11K
  44.7m     2397      131K        28M     10K
  45.8m     2397      134K        28M     10K
  60.8m     3596      197K        42M     11K
  61.4m     3596      196K        41M     11K
  62.8m     3596      200K        42M     11K
  62.3m     3596      198K        42M     11K
  63.7m     3596      202K        43M     11K
  64.6m     3596      202K        43M     11K
  64.0m     3596      201K        42M     11K
  63.9m     3596      199K        42M     11K
  65.4m     3596      202K        43M     11K
  64.4m     3596      198K        42M     11K
  65.4m     3596      201K        42M     11K
  65.0m     3596      201K        42M     11K
  65.9m     3596      204K        43M     11K
  65.5m     3596      198K        42M     11K
  68.5m     3596      197K        41M     10K
  69.7m     3596      201K        42M     10K
  93.4m     5394      296K        62M     11K
  93.9m     5394      299K        63M     11K
  94.2m     5394      296K        63M     11K
  94.8m     5394      298K        63M     11K
  96.3m     5394      301K        63M     11K
